hello
mdb - mpi debugger - built on various backends. Type ? for more info. To exit interactive mode type "q", "quit", "Ctrl+D" or "Ctrl+]".
0:Process 57413 stopped
0:* thread #1, name = 'simple-mpi-cpp.', stop reason = breakpoint 1.1
0:    frame #0: 0x0000555555555364 simple-mpi-cpp.exe`main at simple-mpi-cpp.cpp:24:7
0:   21    int process_rank, size_of_cluster;
0:   22    float var;
0:   23  
0:-> 24    var = 0.;
0:          ^
0:   25  
0:   26    MPI_Init(NULL, NULL);
0:   27    MPI_Comm_size(MPI_COMM_WORLD, &size_of_cluster);
************************************************************************
1:Process 57412 stopped
1:* thread #1, name = 'simple-mpi-cpp.', stop reason = breakpoint 1.1
1:    frame #0: 0x0000555555555364 simple-mpi-cpp.exe`main at simple-mpi-cpp.cpp:24:7
1:   21    int process_rank, size_of_cluster;
1:   22    float var;
1:   23  
1:-> 24    var = 0.;
1:          ^
1:   25  
1:   26    MPI_Init(NULL, NULL);
1:   27    MPI_Comm_size(MPI_COMM_WORLD, &size_of_cluster);

0:Breakpoint 2: where = simple-mpi-cpp.exe`main + 95 at simple-mpi-cpp.cpp:30:12, address = 0x00005555555553a8
************************************************************************
1:Breakpoint 2: where = simple-mpi-cpp.exe`main + 95 at simple-mpi-cpp.cpp:30:12, address = 0x00005555555553a8

0:Breakpoint 3: where = simple-mpi-cpp.exe`main + 127 at simple-mpi-cpp.cpp:32:20, address = 0x00005555555553c8
************************************************************************
1:Breakpoint 3: where = simple-mpi-cpp.exe`main + 127 at simple-mpi-cpp.cpp:32:20, address = 0x00005555555553c8

0:Process 57413 resuming
0:Process 57413 stopped
0:* thread #1, name = 'simple-mpi-cpp.', stop reason = breakpoint 2.1
0:    frame #0: 0x00005555555553a8 simple-mpi-cpp.exe`main at simple-mpi-cpp.cpp:30:12
0:   27    MPI_Comm_size(MPI_COMM_WORLD, &size_of_cluster);
0:   28    MPI_Comm_rank(MPI_COMM_WORLD, &process_rank);
0:   29  
0:-> 30    var = 10.*process_rank;
0:               ^
0:   31  
0:   32    if (process_rank == 0){
0:   33      cout << "process 0 sleeping for 3s..." << endl;
************************************************************************
1:Process 57412 resuming
1:Process 57412 stopped
1:* thread #1, name = 'simple-mpi-cpp.', stop reason = breakpoint 2.1
1:    frame #0: 0x00005555555553a8 simple-mpi-cpp.exe`main at simple-mpi-cpp.cpp:30:12
1:   27    MPI_Comm_size(MPI_COMM_WORLD, &size_of_cluster);
1:   28    MPI_Comm_rank(MPI_COMM_WORLD, &process_rank);
1:   29  
1:-> 30    var = 10.*process_rank;
1:               ^
1:   31  
1:   32    if (process_rank == 0){
1:   33      cout << "process 0 sleeping for 3s..." << endl;

0:Process 57413 resuming
0:Process 57413 stopped
0:* thread #1, name = 'simple-mpi-cpp.', stop reason = breakpoint 3.1
0:    frame #0: 0x00005555555553c8 simple-mpi-cpp.exe`main at simple-mpi-cpp.cpp:32:20
0:   29  
0:   30    var = 10.*process_rank;
0:   31  
0:-> 32    if (process_rank == 0){
0:                       ^
0:   33      cout << "process 0 sleeping for 3s..." << endl;
0:   34  
0:   35      for (int i = 0; i < 3; ++i) {

0:* thread #1, name = 'simple-mpi-cpp.', stop reason = breakpoint 3.1
0:    frame #0: 0x00005555555553c8 simple-mpi-cpp.exe`main at simple-mpi-cpp.cpp:32:20
************************************************************************
1:* thread #1, name = 'simple-mpi-cpp.', stop reason = breakpoint 2.1
1:    frame #0: 0x00005555555553a8 simple-mpi-cpp.exe`main at simple-mpi-cpp.cpp:30:12

unrecognized command [made-up-command]. Type help to find out list of possible commands.
1:Process 57412 resuming
1:Process 57412 stopped
1:* thread #1, name = 'simple-mpi-cpp.', stop reason = breakpoint 3.1
1:    frame #0: 0x00005555555553c8 simple-mpi-cpp.exe`main at simple-mpi-cpp.cpp:32:20
1:   29  
1:   30    var = 10.*process_rank;
1:   31  
1:-> 32    if (process_rank == 0){
1:                       ^
1:   33      cout << "process 0 sleeping for 3s..." << endl;
1:   34  
1:   35      for (int i = 0; i < 3; ++i) {

File [deliberately-missing-file.mdb] not found. Please check the file exists and try again.
0:(int) $0 = 25
************************************************************************
1:(int) $0 = 25

0:Process 57413 resuming
0:process 0 sleeping for 3s...
0:0 s...
0:1 s...
0:2 s...
0:in level 1
0:in level 2
0:internal process: 0 of 2
0:var = 0
0:Process 57413 exited with status = 0 (0x00000000) 
************************************************************************
1:Process 57412 resuming
1:in level 1
1:in level 2
1:internal process: 1 of 2
1:var = 10
1:Process 57412 exited with status = 0 (0x00000000) 

************************************************************************


exiting mdb...
