DEBUG:asyncio:Using selector: EpollSelector
INFO:mdb.async_client:init connection error
INFO:mdb.async_client:Attempt 1/3 to connect to exchange server. Sleeping 1 second...
INFO:mdb.async_client:init connection error
INFO:mdb.async_client:Attempt 2/3 to connect to exchange server. Sleeping 1 second...
INFO:mdb.async_client:init connection error
INFO:mdb.async_client:Attempt 3/3 to connect to exchange server. Sleeping 1 second...
ERROR:mdb.mdb_attach:couldn't connect to exchange server at 127.0.0.1:62000.
